2026-01-31T00:51:44.3705354Z Current runner version: '2.331.0'
2026-01-31T00:51:44.3730190Z ##[group]Runner Image Provisioner
2026-01-31T00:51:44.3731049Z Hosted Compute Agent
2026-01-31T00:51:44.3731574Z Version: 20260123.484
2026-01-31T00:51:44.3732279Z Commit: 6bd6555ca37d84114959e1c76d2c01448ff61c5d
2026-01-31T00:51:44.3732936Z Build Date: 2026-01-23T19:41:17Z
2026-01-31T00:51:44.3733766Z Worker ID: {ec81823d-5bd1-4e02-b8ba-641b6cc3558a}
2026-01-31T00:51:44.3734551Z Azure Region: eastus
2026-01-31T00:51:44.3735062Z ##[endgroup]
2026-01-31T00:51:44.3736804Z ##[group]Operating System
2026-01-31T00:51:44.3737480Z Ubuntu
2026-01-31T00:51:44.3737951Z 24.04.3
2026-01-31T00:51:44.3738417Z LTS
2026-01-31T00:51:44.3738943Z ##[endgroup]
2026-01-31T00:51:44.3739410Z ##[group]Runner Image
2026-01-31T00:51:44.3740005Z Image: ubuntu-24.04
2026-01-31T00:51:44.3740586Z Version: 20260126.10.1
2026-01-31T00:51:44.3741762Z Included Software: https://github.com/actions/runner-images/blob/ubuntu24/20260126.10/images/ubuntu/Ubuntu2404-Readme.md
2026-01-31T00:51:44.3743434Z Image Release: https://github.com/actions/runner-images/releases/tag/ubuntu24%2F20260126.10
2026-01-31T00:51:44.3744374Z ##[endgroup]
2026-01-31T00:51:44.3745498Z ##[group]GITHUB_TOKEN Permissions
2026-01-31T00:51:44.3747562Z Contents: read
2026-01-31T00:51:44.3748098Z Metadata: read
2026-01-31T00:51:44.3748800Z Packages: read
2026-01-31T00:51:44.3749278Z ##[endgroup]
2026-01-31T00:51:44.3751368Z Secret source: Actions
2026-01-31T00:51:44.3752537Z Prepare workflow directory
2026-01-31T00:51:44.4080734Z Prepare all required actions
2026-01-31T00:51:44.4119328Z Getting action download info
2026-01-31T00:51:44.6918677Z Download action repository 'actions/checkout@v3' (SHA:f43a0e5ff2bd294095638e18286ca9a3d1956744)
2026-01-31T00:51:44.8198699Z Download action repository 'actions/setup-node@v3' (SHA:3235b876344d2a9aa001b8d1453c930bba69e610)
2026-01-31T00:51:45.0712395Z Complete job name: build
2026-01-31T00:51:45.1402385Z ##[group]Run actions/checkout@v3
2026-01-31T00:51:45.1403435Z with:
2026-01-31T00:51:45.1403906Z   repository: agomezr/ci-cd-final-project
2026-01-31T00:51:45.1404637Z   token: ***
2026-01-31T00:51:45.1405018Z   ssh-strict: true
2026-01-31T00:51:45.1405436Z   persist-credentials: true
2026-01-31T00:51:45.1405888Z   clean: true
2026-01-31T00:51:45.1406295Z   sparse-checkout-cone-mode: true
2026-01-31T00:51:45.1406781Z   fetch-depth: 1
2026-01-31T00:51:45.1407184Z   fetch-tags: false
2026-01-31T00:51:45.1407570Z   lfs: false
2026-01-31T00:51:45.1407944Z   submodules: false
2026-01-31T00:51:45.1408350Z   set-safe-directory: true
2026-01-31T00:51:45.1409076Z ##[endgroup]
2026-01-31T00:51:45.2276338Z Syncing repository: agomezr/ci-cd-final-project
2026-01-31T00:51:45.2278225Z ##[group]Getting Git version info
2026-01-31T00:51:45.2279136Z Working directory is '/home/runner/work/ci-cd-final-project/ci-cd-final-project'
2026-01-31T00:51:45.2280461Z [command]/usr/bin/git version
2026-01-31T00:51:45.2366401Z git version 2.52.0
2026-01-31T00:51:45.2393807Z ##[endgroup]
2026-01-31T00:51:45.2408811Z Temporarily overriding HOME='/home/runner/work/_temp/6c259147-abba-4d4f-975a-a1bf88d8a7ed' before making global git config changes
2026-01-31T00:51:45.2410978Z Adding repository directory to the temporary git global config as a safe directory
2026-01-31T00:51:45.2412716Z [command]/usr/bin/git config --global --add safe.directory /home/runner/work/ci-cd-final-project/ci-cd-final-project
2026-01-31T00:51:45.2451822Z Deleting the contents of '/home/runner/work/ci-cd-final-project/ci-cd-final-project'
2026-01-31T00:51:45.2456054Z ##[group]Initializing the repository
2026-01-31T00:51:45.2459187Z [command]/usr/bin/git init /home/runner/work/ci-cd-final-project/ci-cd-final-project
2026-01-31T00:51:45.2581136Z hint: Using 'master' as the name for the initial branch. This default branch name
2026-01-31T00:51:45.2582791Z hint: will change to "main" in Git 3.0. To configure the initial branch name
2026-01-31T00:51:45.2584553Z hint: to use in all of your new repositories, which will suppress this warning,
2026-01-31T00:51:45.2585713Z hint: call:
2026-01-31T00:51:45.2586388Z hint:
2026-01-31T00:51:45.2587248Z hint: 	git config --global init.defaultBranch <name>
2026-01-31T00:51:45.2587953Z hint:
2026-01-31T00:51:45.2589323Z hint: Names commonly chosen instead of 'master' are 'main', 'trunk' and
2026-01-31T00:51:45.2591014Z hint: 'development'. The just-created branch can be renamed via this command:
2026-01-31T00:51:45.2592519Z hint:
2026-01-31T00:51:45.2593472Z hint: 	git branch -m <name>
2026-01-31T00:51:45.2594337Z hint:
2026-01-31T00:51:45.2595469Z hint: Disable this message with "git config set advice.defaultBranchName false"
2026-01-31T00:51:45.2597464Z Initialized empty Git repository in /home/runner/work/ci-cd-final-project/ci-cd-final-project/.git/
2026-01-31T00:51:45.2600669Z [command]/usr/bin/git remote add origin https://github.com/agomezr/ci-cd-final-project
2026-01-31T00:51:45.2637969Z ##[endgroup]
2026-01-31T00:51:45.2639226Z ##[group]Disabling automatic garbage collection
2026-01-31T00:51:45.2641395Z [command]/usr/bin/git config --local gc.auto 0
2026-01-31T00:51:45.2669533Z ##[endgroup]
2026-01-31T00:51:45.2670772Z ##[group]Setting up auth
2026-01-31T00:51:45.2675982Z [command]/usr/bin/git config --local --name-only --get-regexp core\.sshCommand
2026-01-31T00:51:45.2704529Z [command]/usr/bin/git submodule foreach --recursive sh -c "git config --local --name-only --get-regexp 'core\.sshCommand' && git config --local --unset-all 'core.sshCommand' || :"
2026-01-31T00:51:45.3079453Z [command]/usr/bin/git config --local --name-only --get-regexp http\.https\:\/\/github\.com\/\.extraheader
2026-01-31T00:51:45.3107756Z [command]/usr/bin/git submodule foreach --recursive sh -c "git config --local --name-only --get-regexp 'http\.https\:\/\/github\.com\/\.extraheader' && git config --local --unset-all 'http.https://github.com/.extraheader' || :"
2026-01-31T00:51:45.3331641Z [command]/usr/bin/git config --local http.https://github.com/.extraheader AUTHORIZATION: basic ***
2026-01-31T00:51:45.3369403Z ##[endgroup]
2026-01-31T00:51:45.3377920Z ##[group]Fetching the repository
2026-01-31T00:51:45.3380573Z [command]/usr/bin/git -c protocol.version=2 fetch --no-tags --prune --progress --no-recurse-submodules --depth=1 origin +22e647bf66e137eac1dcafa92a510af653bb099e:refs/remotes/origin/main
2026-01-31T00:51:45.4775701Z remote: Enumerating objects: 30, done.        
2026-01-31T00:51:45.4777300Z remote: Counting objects:   3% (1/30)        
2026-01-31T00:51:45.4778406Z remote: Counting objects:   6% (2/30)        
2026-01-31T00:51:45.4779216Z remote: Counting objects:  10% (3/30)        
2026-01-31T00:51:45.4780007Z remote: Counting objects:  13% (4/30)        
2026-01-31T00:51:45.4780656Z remote: Counting objects:  16% (5/30)        
2026-01-31T00:51:45.4781302Z remote: Counting objects:  20% (6/30)        
2026-01-31T00:51:45.4781942Z remote: Counting objects:  23% (7/30)        
2026-01-31T00:51:45.4782622Z remote: Counting objects:  26% (8/30)        
2026-01-31T00:51:45.4783756Z remote: Counting objects:  30% (9/30)        
2026-01-31T00:51:45.4784569Z remote: Counting objects:  33% (10/30)        
2026-01-31T00:51:45.4785257Z remote: Counting objects:  36% (11/30)        
2026-01-31T00:51:45.4785910Z remote: Counting objects:  40% (12/30)        
2026-01-31T00:51:45.4786671Z remote: Counting objects:  43% (13/30)        
2026-01-31T00:51:45.4787716Z remote: Counting objects:  46% (14/30)        
2026-01-31T00:51:45.4788672Z remote: Counting objects:  50% (15/30)        
2026-01-31T00:51:45.4789580Z remote: Counting objects:  53% (16/30)        
2026-01-31T00:51:45.4790632Z remote: Counting objects:  56% (17/30)        
2026-01-31T00:51:45.4791371Z remote: Counting objects:  60% (18/30)        
2026-01-31T00:51:45.4792087Z remote: Counting objects:  63% (19/30)        
2026-01-31T00:51:45.4793246Z remote: Counting objects:  66% (20/30)        
2026-01-31T00:51:45.4793873Z remote: Counting objects:  70% (21/30)        
2026-01-31T00:51:45.4794514Z remote: Counting objects:  73% (22/30)        
2026-01-31T00:51:45.4795281Z remote: Counting objects:  76% (23/30)        
2026-01-31T00:51:45.4796223Z remote: Counting objects:  80% (24/30)        
2026-01-31T00:51:45.4796836Z remote: Counting objects:  83% (25/30)        
2026-01-31T00:51:45.4797737Z remote: Counting objects:  86% (26/30)        
2026-01-31T00:51:45.4798597Z remote: Counting objects:  90% (27/30)        
2026-01-31T00:51:45.4799224Z remote: Counting objects:  93% (28/30)        
2026-01-31T00:51:45.4799879Z remote: Counting objects:  96% (29/30)        
2026-01-31T00:51:45.4800659Z remote: Counting objects: 100% (30/30)        
2026-01-31T00:51:45.4801301Z remote: Counting objects: 100% (30/30), done.        
2026-01-31T00:51:45.4801960Z remote: Compressing objects:   4% (1/23)        
2026-01-31T00:51:45.4802584Z remote: Compressing objects:   8% (2/23)        
2026-01-31T00:51:45.4803397Z remote: Compressing objects:  13% (3/23)        
2026-01-31T00:51:45.4804488Z remote: Compressing objects:  17% (4/23)        
2026-01-31T00:51:45.4805211Z remote: Compressing objects:  21% (5/23)        
2026-01-31T00:51:45.4805831Z remote: Compressing objects:  26% (6/23)        
2026-01-31T00:51:45.4806820Z remote: Compressing objects:  30% (7/23)        
2026-01-31T00:51:45.4807525Z remote: Compressing objects:  34% (8/23)        
2026-01-31T00:51:45.4808196Z remote: Compressing objects:  39% (9/23)        
2026-01-31T00:51:45.4808811Z remote: Compressing objects:  43% (10/23)        
2026-01-31T00:51:45.4809442Z remote: Compressing objects:  47% (11/23)        
2026-01-31T00:51:45.4810062Z remote: Compressing objects:  52% (12/23)        
2026-01-31T00:51:45.4810671Z remote: Compressing objects:  56% (13/23)        
2026-01-31T00:51:45.4811290Z remote: Compressing objects:  60% (14/23)        
2026-01-31T00:51:45.4811911Z remote: Compressing objects:  65% (15/23)        
2026-01-31T00:51:45.4812755Z remote: Compressing objects:  69% (16/23)        
2026-01-31T00:51:45.4814203Z remote: Compressing objects:  73% (17/23)        
2026-01-31T00:51:45.4815204Z remote: Compressing objects:  78% (18/23)        
2026-01-31T00:51:45.4816177Z remote: Compressing objects:  82% (19/23)        
2026-01-31T00:51:45.4817207Z remote: Compressing objects:  86% (20/23)        
2026-01-31T00:51:45.4818173Z remote: Compressing objects:  91% (21/23)        
2026-01-31T00:51:45.4819145Z remote: Compressing objects:  95% (22/23)        
2026-01-31T00:51:45.4820115Z remote: Compressing objects: 100% (23/23)        
2026-01-31T00:51:45.4821176Z remote: Compressing objects: 100% (23/23), done.        
2026-01-31T00:51:45.4849752Z remote: Total 30 (delta 1), reused 16 (delta 0), pack-reused 0 (from 0)        
2026-01-31T00:51:45.4952940Z From https://github.com/agomezr/ci-cd-final-project
2026-01-31T00:51:45.4954275Z  * [new ref]         22e647bf66e137eac1dcafa92a510af653bb099e -> origin/main
2026-01-31T00:51:45.4987752Z ##[endgroup]
2026-01-31T00:51:45.4988482Z ##[group]Determining the checkout info
2026-01-31T00:51:45.4989598Z ##[endgroup]
2026-01-31T00:51:45.4990277Z ##[group]Checking out the ref
2026-01-31T00:51:45.4994131Z [command]/usr/bin/git checkout --progress --force -B main refs/remotes/origin/main
2026-01-31T00:51:45.5067771Z Switched to a new branch 'main'
2026-01-31T00:51:45.5070456Z branch 'main' set up to track 'origin/main'.
2026-01-31T00:51:45.5077957Z ##[endgroup]
2026-01-31T00:51:45.5112301Z [command]/usr/bin/git log -1 --format='%H'
2026-01-31T00:51:45.5134920Z '22e647bf66e137eac1dcafa92a510af653bb099e'
2026-01-31T00:51:45.5376900Z ##[group]Run actions/setup-node@v3
2026-01-31T00:51:45.5377418Z with:
2026-01-31T00:51:45.5377784Z   node-version: 20
2026-01-31T00:51:45.5378179Z   always-auth: false
2026-01-31T00:51:45.5378587Z   check-latest: false
2026-01-31T00:51:45.5379163Z   token: ***
2026-01-31T00:51:45.5379528Z ##[endgroup]
2026-01-31T00:51:45.8410504Z Found in cache @ /opt/hostedtoolcache/node/20.20.0/x64
2026-01-31T00:51:45.8416997Z ##[group]Environment details
2026-01-31T00:51:48.5880925Z node: v20.20.0
2026-01-31T00:51:48.5881651Z npm: 10.8.2
2026-01-31T00:51:48.5882065Z yarn: 1.22.22
2026-01-31T00:51:48.5883878Z ##[endgroup]
2026-01-31T00:51:48.6001534Z ##[group]Run npm ci
2026-01-31T00:51:48.6001934Z npm ci
2026-01-31T00:51:48.6046018Z shell: /usr/bin/bash -e {0}
2026-01-31T00:51:48.6046347Z ##[endgroup]
2026-01-31T00:51:53.1147013Z npm warn deprecated rimraf@3.0.2: Rimraf versions prior to v4 are no longer supported
2026-01-31T00:51:53.6375350Z npm warn deprecated inflight@1.0.6: This module is not supported, and leaks memory. Do not use it. Check out lru-cache if you want a good and tested way to coalesce async requests by a key value, which is much more comprehensive and powerful.
2026-01-31T00:51:53.9068925Z npm warn deprecated glob@7.2.3: Glob versions prior to v9 are no longer supported
2026-01-31T00:51:54.4411214Z npm warn deprecated @humanwhocodes/config-array@0.13.0: Use @eslint/config-array instead
2026-01-31T00:51:54.4582124Z npm warn deprecated @humanwhocodes/object-schema@2.0.3: Use @eslint/object-schema instead
2026-01-31T00:51:54.6074021Z npm warn deprecated superagent@8.1.2: Please upgrade to v9.0.0+ as we have fixed a public vulnerability with formidable dependency. Note that v9.0.0+ requires Node.js v14.18.0+. See https://github.com/ladjs/superagent/pull/1800 for insight. This project is supported and maintained by the team at Forward Email @ https://forwardemail.net
2026-01-31T00:51:55.4479719Z npm warn deprecated eslint@8.57.1: This version is no longer supported. Please see https://eslint.org/version-support for other options.
2026-01-31T00:51:55.8290290Z 
2026-01-31T00:51:55.8291510Z added 552 packages, and audited 553 packages in 7s
2026-01-31T00:51:55.8293883Z 
2026-01-31T00:51:55.8294323Z 144 packages are looking for funding
2026-01-31T00:51:55.8294903Z   run `npm fund` for details
2026-01-31T00:51:55.8459774Z 
2026-01-31T00:51:55.8460686Z 9 vulnerabilities (2 low, 3 moderate, 3 high, 1 critical)
2026-01-31T00:51:55.8461264Z 
2026-01-31T00:51:55.8461707Z To address issues that do not require attention, run:
2026-01-31T00:51:55.8462288Z   npm audit fix
2026-01-31T00:51:55.8462538Z 
2026-01-31T00:51:55.8468519Z To address all issues (including breaking changes), run:
2026-01-31T00:51:55.8469196Z   npm audit fix --force
2026-01-31T00:51:55.8469438Z 
2026-01-31T00:51:55.8469609Z Run `npm audit` for details.
2026-01-31T00:51:55.8739370Z ##[group]Run npm run lint
2026-01-31T00:51:55.8739679Z npm run lint
2026-01-31T00:51:55.8780429Z shell: /usr/bin/bash -e {0}
2026-01-31T00:51:55.8780699Z ##[endgroup]
2026-01-31T00:51:55.9933953Z 
2026-01-31T00:51:55.9934621Z > counter-service@1.0.0 lint
2026-01-31T00:51:55.9935248Z > eslint src/ tests/
2026-01-31T00:51:55.9935454Z 
2026-01-31T00:51:56.7653610Z ##[group]Run npm test
2026-01-31T00:51:56.7653913Z npm test
2026-01-31T00:51:56.7685448Z shell: /usr/bin/bash -e {0}
2026-01-31T00:51:56.7685723Z ##[endgroup]
2026-01-31T00:51:56.8846920Z 
2026-01-31T00:51:56.8847524Z > counter-service@1.0.0 test
2026-01-31T00:51:56.8847929Z > jest
2026-01-31T00:51:56.8848061Z 
2026-01-31T00:51:57.8782842Z   console.log
2026-01-31T00:51:57.8783785Z     [2026-01-31T00:51:57.864Z] [INFO] Logging handler established
2026-01-31T00:51:57.8784233Z 
2026-01-31T00:51:57.8784571Z       at Object.log [as info] (src/middleware/logger.js:6:15)
2026-01-31T00:51:57.8784998Z 
2026-01-31T00:51:57.9134672Z   console.log
2026-01-31T00:51:57.9135255Z     [2026-01-31T00:51:57.903Z] [INFO] Request for Base URL
2026-01-31T00:51:57.9135624Z 
2026-01-31T00:51:57.9135923Z       at Object.log [as info] (src/middleware/logger.js:6:15)
2026-01-31T00:51:57.9136290Z 
2026-01-31T00:51:57.9158031Z ::ffff:127.0.0.1 - - [31/Jan/2026:00:51:57 +0000] "GET / HTTP/1.1" 200 104 "-" "-"
2026-01-31T00:51:57.9290470Z ::ffff:127.0.0.1 - - [31/Jan/2026:00:51:57 +0000] "GET /health HTTP/1.1" 200 15 "-" "-"
2026-01-31T00:51:57.9363530Z   console.log
2026-01-31T00:51:57.9364232Z     [2026-01-31T00:51:57.932Z] [INFO] Request to Create counter: foo...
2026-01-31T00:51:57.9364711Z 
2026-01-31T00:51:57.9365028Z       at Object.log [as info] (src/middleware/logger.js:6:15)
2026-01-31T00:51:57.9366007Z 
2026-01-31T00:51:57.9371354Z ::ffff:127.0.0.1 - - [31/Jan/2026:00:51:57 +0000] "POST /counters/foo HTTP/1.1" 201 26 "-" "-"
2026-01-31T00:51:57.9426567Z   console.log
2026-01-31T00:51:57.9427124Z     [2026-01-31T00:51:57.939Z] [INFO] Request to Create counter: foo...
2026-01-31T00:51:57.9427435Z 
2026-01-31T00:51:57.9427632Z       at Object.log [as info] (src/middleware/logger.js:6:15)
2026-01-31T00:51:57.9427890Z 
2026-01-31T00:51:57.9431136Z ::ffff:127.0.0.1 - - [31/Jan/2026:00:51:57 +0000] "POST /counters/foo HTTP/1.1" 201 26 "-" "-"
2026-01-31T00:51:57.9476638Z   console.log
2026-01-31T00:51:57.9477200Z     [2026-01-31T00:51:57.944Z] [INFO] Request to Create counter: foo...
2026-01-31T00:51:57.9477488Z 
2026-01-31T00:51:57.9477678Z       at Object.log [as info] (src/middleware/logger.js:6:15)
2026-01-31T00:51:57.9477947Z 
2026-01-31T00:51:57.9483656Z ::ffff:127.0.0.1 - - [31/Jan/2026:00:51:57 +0000] "POST /counters/foo HTTP/1.1" 409 72 "-" "-"
2026-01-31T00:51:57.9538300Z   console.log
2026-01-31T00:51:57.9538829Z     [2026-01-31T00:51:57.950Z] [INFO] Request to list all counters...
2026-01-31T00:51:57.9539163Z 
2026-01-31T00:51:57.9539379Z       at Object.log [as info] (src/middleware/logger.js:6:15)
2026-01-31T00:51:57.9539662Z 
2026-01-31T00:51:57.9545755Z ::ffff:127.0.0.1 - - [31/Jan/2026:00:51:57 +0000] "GET /counters HTTP/1.1" 200 2 "-" "-"
2026-01-31T00:51:57.9595148Z   console.log
2026-01-31T00:51:57.9595947Z     [2026-01-31T00:51:57.956Z] [INFO] Request to Create counter: foo...
2026-01-31T00:51:57.9596444Z 
2026-01-31T00:51:57.9596815Z       at Object.log [as info] (src/middleware/logger.js:6:15)
2026-01-31T00:51:57.9597256Z 
2026-01-31T00:51:57.9601096Z ::ffff:127.0.0.1 - - [31/Jan/2026:00:51:57 +0000] "POST /counters/foo HTTP/1.1" 201 26 "-" "-"
2026-01-31T00:51:57.9644785Z   console.log
2026-01-31T00:51:57.9645416Z     [2026-01-31T00:51:57.961Z] [INFO] Request to list all counters...
2026-01-31T00:51:57.9645942Z 
2026-01-31T00:51:57.9646284Z       at Object.log [as info] (src/middleware/logger.js:6:15)
2026-01-31T00:51:57.9646745Z 
2026-01-31T00:51:57.9650776Z ::ffff:127.0.0.1 - - [31/Jan/2026:00:51:57 +0000] "GET /counters HTTP/1.1" 200 28 "-" "-"
2026-01-31T00:51:57.9704605Z   console.log
2026-01-31T00:51:57.9705270Z     [2026-01-31T00:51:57.967Z] [INFO] Request to Create counter: foo...
2026-01-31T00:51:57.9705776Z 
2026-01-31T00:51:57.9706122Z       at Object.log [as info] (src/middleware/logger.js:6:15)
2026-01-31T00:51:57.9706540Z 
2026-01-31T00:51:57.9712113Z ::ffff:127.0.0.1 - - [31/Jan/2026:00:51:57 +0000] "POST /counters/foo HTTP/1.1" 201 26 "-" "-"
2026-01-31T00:51:57.9774323Z   console.log
2026-01-31T00:51:57.9775007Z     [2026-01-31T00:51:57.973Z] [INFO] Request to Read counter: foo...
2026-01-31T00:51:57.9775489Z 
2026-01-31T00:51:57.9775829Z       at Object.log [as info] (src/middleware/logger.js:6:15)
2026-01-31T00:51:57.9776265Z 
2026-01-31T00:51:57.9781398Z ::ffff:127.0.0.1 - - [31/Jan/2026:00:51:57 +0000] "GET /counters/foo HTTP/1.1" 200 26 "-" "-"
2026-01-31T00:51:57.9830753Z   console.log
2026-01-31T00:51:57.9831423Z     [2026-01-31T00:51:57.980Z] [INFO] Request to Read counter: nonexistent...
2026-01-31T00:51:57.9831958Z 
2026-01-31T00:51:57.9832292Z       at Object.log [as info] (src/middleware/logger.js:6:15)
2026-01-31T00:51:57.9832720Z 
2026-01-31T00:51:57.9836607Z ::ffff:127.0.0.1 - - [31/Jan/2026:00:51:57 +0000] "GET /counters/nonexistent HTTP/1.1" 404 81 "-" "-"
2026-01-31T00:51:57.9885712Z   console.log
2026-01-31T00:51:57.9886453Z     [2026-01-31T00:51:57.985Z] [INFO] Request to Create counter: foo...
2026-01-31T00:51:57.9886954Z 
2026-01-31T00:51:57.9887320Z       at Object.log [as info] (src/middleware/logger.js:6:15)
2026-01-31T00:51:57.9887759Z 
2026-01-31T00:51:57.9891357Z ::ffff:127.0.0.1 - - [31/Jan/2026:00:51:57 +0000] "POST /counters/foo HTTP/1.1" 201 26 "-" "-"
2026-01-31T00:51:57.9935171Z   console.log
2026-01-31T00:51:57.9935824Z     [2026-01-31T00:51:57.990Z] [INFO] Request to Update counter: foo...
2026-01-31T00:51:57.9936318Z 
2026-01-31T00:51:57.9937179Z       at Object.log [as info] (src/middleware/logger.js:6:15)
2026-01-31T00:51:57.9937626Z 
2026-01-31T00:51:57.9941705Z ::ffff:127.0.0.1 - - [31/Jan/2026:00:51:57 +0000] "PUT /counters/foo HTTP/1.1" 200 26 "-" "-"
2026-01-31T00:51:58.0024612Z   console.log
2026-01-31T00:51:58.0025206Z     [2026-01-31T00:51:57.999Z] [INFO] Request to Update counter: nonexistent...
2026-01-31T00:51:58.0025519Z 
2026-01-31T00:51:58.0025718Z       at Object.log [as info] (src/middleware/logger.js:6:15)
2026-01-31T00:51:58.0025967Z 
2026-01-31T00:51:58.0029589Z ::ffff:127.0.0.1 - - [31/Jan/2026:00:51:58 +0000] "PUT /counters/nonexistent HTTP/1.1" 404 81 "-" "-"
2026-01-31T00:51:58.0082936Z   console.log
2026-01-31T00:51:58.0083837Z     [2026-01-31T00:51:58.005Z] [INFO] Request to Create counter: foo...
2026-01-31T00:51:58.0084334Z 
2026-01-31T00:51:58.0084573Z       at Object.log [as info] (src/middleware/logger.js:6:15)
2026-01-31T00:51:58.0084881Z 
2026-01-31T00:51:58.0088786Z ::ffff:127.0.0.1 - - [31/Jan/2026:00:51:58 +0000] "POST /counters/foo HTTP/1.1" 201 26 "-" "-"
2026-01-31T00:51:58.0134696Z   console.log
2026-01-31T00:51:58.0135104Z     [2026-01-31T00:51:58.010Z] [INFO] Request to Delete counter: foo...
2026-01-31T00:51:58.0135420Z 
2026-01-31T00:51:58.0135691Z       at Object.log [as info] (src/middleware/logger.js:6:15)
2026-01-31T00:51:58.0136045Z 
2026-01-31T00:51:58.0138737Z ::ffff:127.0.0.1 - - [31/Jan/2026:00:51:58 +0000] "DELETE /counters/foo HTTP/1.1" 204 - "-" "-"
2026-01-31T00:51:58.0182237Z   console.log
2026-01-31T00:51:58.0182881Z     [2026-01-31T00:51:58.015Z] [INFO] Request to Delete counter: foo...
2026-01-31T00:51:58.0183540Z 
2026-01-31T00:51:58.0183863Z       at Object.log [as info] (src/middleware/logger.js:6:15)
2026-01-31T00:51:58.0184277Z 
2026-01-31T00:51:58.0186375Z ::ffff:127.0.0.1 - - [31/Jan/2026:00:51:58 +0000] "DELETE /counters/foo HTTP/1.1" 204 - "-" "-"
2026-01-31T00:51:58.0231461Z   console.log
2026-01-31T00:51:58.0232157Z     [2026-01-31T00:51:58.020Z] [INFO] Request to Read counter: foo...
2026-01-31T00:51:58.0232630Z 
2026-01-31T00:51:58.0232884Z       at Object.log [as info] (src/middleware/logger.js:6:15)
2026-01-31T00:51:58.0233432Z 
2026-01-31T00:51:58.0237619Z ::ffff:127.0.0.1 - - [31/Jan/2026:00:51:58 +0000] "GET /counters/foo HTTP/1.1" 404 73 "-" "-"
2026-01-31T00:51:58.0270278Z PASS tests/counters.test.js
2026-01-31T00:51:58.0272910Z   Counter API Service
2026-01-31T00:51:58.0273601Z     GET /
2026-01-31T00:51:58.0276175Z       ✓ should return service information (41 ms)
2026-01-31T00:51:58.0276675Z     GET /health
2026-01-31T00:51:58.0277545Z       ✓ should return health status (8 ms)
2026-01-31T00:51:58.0277991Z     POST /counters/:name
2026-01-31T00:51:58.0278458Z       ✓ should create a new counter (7 ms)
2026-01-31T00:51:58.0279109Z       ✓ should not create a duplicate counter (11 ms)
2026-01-31T00:51:58.0279570Z     GET /counters
2026-01-31T00:51:58.0279989Z       ✓ should list all counters (16 ms)
2026-01-31T00:51:58.0280252Z     GET /counters/:name
2026-01-31T00:51:58.0280566Z       ✓ should read a specific counter (13 ms)
2026-01-31T00:51:58.0280960Z       ✓ should return 404 for non-existent counter (5 ms)
2026-01-31T00:51:58.0281248Z     PUT /counters/:name
2026-01-31T00:51:58.0281570Z       ✓ should update (increment) a counter (10 ms)
2026-01-31T00:51:58.0281944Z       ✓ should not update a missing counter (8 ms)
2026-01-31T00:51:58.0282232Z     DELETE /counters/:name
2026-01-31T00:51:58.0282511Z       ✓ should delete a counter (21 ms)
2026-01-31T00:51:58.0282695Z 
2026-01-31T00:51:58.0298844Z Test Suites: 1 passed, 1 total
2026-01-31T00:51:58.0299364Z Tests:       10 passed, 10 total
2026-01-31T00:51:58.0299676Z Snapshots:   0 total
2026-01-31T00:51:58.0299899Z Time:        0.774 s
2026-01-31T00:51:58.0300108Z Ran all test suites.
2026-01-31T00:51:58.1517268Z Post job cleanup.
2026-01-31T00:51:58.3271227Z Post job cleanup.
2026-01-31T00:51:58.4009984Z [command]/usr/bin/git version
2026-01-31T00:51:58.4045565Z git version 2.52.0
2026-01-31T00:51:58.4088890Z Temporarily overriding HOME='/home/runner/work/_temp/a1d702e6-2342-4995-9147-1c4405733d8d' before making global git config changes
2026-01-31T00:51:58.4089856Z Adding repository directory to the temporary git global config as a safe directory
2026-01-31T00:51:58.4092851Z [command]/usr/bin/git config --global --add safe.directory /home/runner/work/ci-cd-final-project/ci-cd-final-project
2026-01-31T00:51:58.4126104Z [command]/usr/bin/git config --local --name-only --get-regexp core\.sshCommand
2026-01-31T00:51:58.4156440Z [command]/usr/bin/git submodule foreach --recursive sh -c "git config --local --name-only --get-regexp 'core\.sshCommand' && git config --local --unset-all 'core.sshCommand' || :"
2026-01-31T00:51:58.4391543Z [command]/usr/bin/git config --local --name-only --get-regexp http\.https\:\/\/github\.com\/\.extraheader
2026-01-31T00:51:58.4413839Z http.https://github.com/.extraheader
2026-01-31T00:51:58.4426380Z [command]/usr/bin/git config --local --unset-all http.https://github.com/.extraheader
2026-01-31T00:51:58.4457939Z [command]/usr/bin/git submodule foreach --recursive sh -c "git config --local --name-only --get-regexp 'http\.https\:\/\/github\.com\/\.extraheader' && git config --local --unset-all 'http.https://github.com/.extraheader' || :"
2026-01-31T00:51:58.4796972Z Cleaning up orphan processes